// Jest Snapshot v1, https://goo.gl/fbAQLP

exports[`Card.vue スナップショットテスト 1`] = `
<div
  class="card"
>
  <button
    class="close-button"
  >
    x
  </button>
   
  <div
    class="body"
  >
    test card text
  </div>
</div>
`;
