// Jest Snapshot v1, https://goo.gl/fbAQLP

exports[`CardAdd.vue スナップショットテスト 1`] = `
<form
  class="add-card"
>
  <label>
    <input
      class="text-input"
      placeholder="Add new card"
      type="text"
    />
  </label>
   
  <!---->
</form>
`;
